Ôùç injecting env (4) from .env // tip: Ôùê secrets for agents [www.dotenvx.com]
­ƒÜÇ [TESTE ELITE v5.3] Validando Storytelling Factual + Imagem de 2 Niveis...
[03/04/2026 17:57:08] [32minfo[39m: Ô£ì´©Å [Elite Storytelling] Transformando fatos em narrativa v5.3: NOTICIA REAL: Homem ├® preso por estelionato sentimental em S...

--- LEGENDA ELITE (FACEBOOK) ---
Um homem foi preso em S├úo Paulo por estelionato sentimental. O caso aconteceu na regi├úo metropolitana, onde a v├¡tima foi enganada. A pol├¡cia encontrou provas de que o homem usou fotos e perfis falsos para conquistar a confian├ºa da v├¡tima. A investiga├º├úo revelou que o homem tinha uma longa hist├│ria de golpes sentimentais. Como voc├¬ reagiria se descobrisse que seu parceiro era um estelionat├írio?

#CasosDomal #Investiga├º├úo #CrimeReal #Noticias

--- METADADOS IMAGEM ---
TITULO: ESTELIONATO EM SP
SUBTITULO: Homem ├® preso por golpe sentimental
[03/04/2026 17:57:09] [32minfo[39m: ­ƒÄ¿ Iniciando Composicao Visual Elite v5.3 (2 Niveis)...
[03/04/2026 17:57:09] [32minfo[39m: Ô£à Arte de 2 Niveis Finalizada com Sucesso!

Ô£à SUCESSO! Visual salvo em: C:\Users\seven beatx\Desktop\FACEBOOK PAGINA BOOT\test_elite_v5_3.jpg
